src/app/order-success/OrderSuccessClient.tsx(7,23): error TS2307: Cannot find module '@/components/common/AppButton' or its corresponding type declarations.
src/app/order-success/OrderSuccessClient.tsx(8,21): error TS2307: Cannot find module '@/components/common/AppCard' or its corresponding type declarations.
src/app/order-success/OrderSuccessClient.tsx(9,32): error TS2307: Cannot find module '@/utils/price' or its corresponding type declarations.
src/app/order-success/OrderSuccessClient.tsx(10,25): error TS2307: Cannot find module '@/lib/api' or its corresponding type declarations.
src/app/order-success/OrderSuccessClient.tsx(11,31): error TS2307: Cannot find module '@/types' or its corresponding type declarations.
src/app/order-success/OrderSuccessClient.tsx(12,26): error TS2307: Cannot find module '@/components/FloatingChat/FloatingChat' or its corresponding type declarations.
